era-5 training — cycle 1 done (1.9 min) · 6.0h remaining · held-out 6.9
era-5 training — cycle 2 done (1.9 min) · 5.9h remaining · held-out -10.7
era-5 training — cycle 3 done (3.2 min) · 5.9h remaining · held-out 6
era-5 training — cycle 4 done (1.8 min) · 5.8h remaining · held-out 0
era-5 training — cycle 5 done (1.5 min) · 5.8h remaining · held-out 0
era-5 training — cycle 6 done (7.3 min) · 5.7h remaining · held-out 3.3
era-5 training — cycle 7 done (1.5 min) · 5.7h remaining · held-out -0.6
era-5 training — cycle 10 done (2.2 min) · 5.6h remaining · held-out 5.9
era-5 training — cycle 11 done (1.7 min) · 5.6h remaining · held-out 3
era-5 training — cycle 13 done (1.8 min) · 5.4h remaining · held-out -6.3
era-5 training — cycle 14 done (2.1 min) · 5.4h remaining · held-out -4.7
era-5 training — cycle 16 done (2.2 min) · 5.3h remaining · held-out 2.3
era-5 training — cycle 17 done (1.7 min) · 5.3h remaining · held-out 2.7
era-5 training — cycle 19 done (1.8 min) · 5.3h remaining · held-out -0.1
era-5 training — cycle 20 done (2.3 min) · 5.2h remaining · held-out 0
era-5 training — cycle 22 done (2.3 min) · 5.2h remaining · held-out 0.1
era-5 training — cycle 23 done (1.6 min) · 5.2h remaining · held-out -4.4
era-5 training — cycle 25 done (1.7 min) · 5.1h remaining · held-out -8.7
era-5 training — cycle 28 done (7.8 min) · 4.9h remaining · held-out -1.1
era-5 training — cycle 29 done (6.0 min) · 4.8h remaining · held-out -4.7
era-5 training — cycle 31 done (5.6 min) · 4.7h remaining · held-out 4.9
era-5 training — cycle 32 done (8.0 min) · 4.6h remaining · held-out -8.9
era-5 training — cycle 34 done (2.2 min) · 4.5h remaining · held-out -0.9
era-5 training — cycle 35 done (1.7 min) · 4.5h remaining · held-out 0
era-5 training — cycle 37 done (1.9 min) · 4.5h remaining · held-out 0.7
era-5 training — cycle 38 done (1.9 min) · 4.4h remaining · held-out 5.1
era-5 training — cycle 40 done (2.0 min) · 4.4h remaining · held-out 0
era-5 training — cycle 41 done (1.5 min) · 4.4h remaining · held-out -4.4
era-5 training — cycle 43 done (1.6 min) · 4.3h remaining · held-out 2.3
era-5 training — cycle 44 done (1.9 min) · 4.3h remaining · held-out 0.8
era-5 training — cycle 46 done (2.0 min) · 4.2h remaining · held-out 11.5
era-5 training — cycle 47 done (1.5 min) · 4.2h remaining · held-out 8.3
era-5 training — cycle 49 done (1.5 min) · 4.2h remaining · held-out 8.4
era-5 training — cycle 50 done (2.0 min) · 4.1h remaining · held-out 0
era-5 training — cycle 52 done (2.0 min) · 4.1h remaining · held-out 1.6
era-5 training — cycle 53 done (1.5 min) · 4.1h remaining · held-out 10.7
era-5 training — cycle 55 done (1.7 min) · 4.0h remaining · held-out -4.8
era-5 training — cycle 56 done (1.9 min) · 4.0h remaining · held-out -2.3
era-5 training — cycle 58 done (1.9 min) · 4.0h remaining · held-out 8.4
era-5 training — cycle 59 done (1.4 min) · 3.9h remaining · held-out 10.2
era-5 training — cycle 61 done (1.5 min) · 3.9h remaining · held-out 10.6
era-5 training — cycle 62 done (1.9 min) · 3.9h remaining · held-out 6.8
era-5 training — cycle 64 done (1.8 min) · 3.9h remaining · held-out 5.8
era-5 training — cycle 65 done (1.5 min) · 3.8h remaining · held-out -5
era-5 training — cycle 67 done (1.4 min) · 3.8h remaining · held-out 15
era-5 training — cycle 68 done (1.8 min) · 3.8h remaining · held-out 3.7
era-5 training — cycle 70 done (2.1 min) · 3.7h remaining · held-out -4.8
era-5 training — cycle 71 done (1.4 min) · 3.7h remaining · held-out 5.1
era-5 training — cycle 73 done (1.4 min) · 3.7h remaining · held-out 2.2
era-5 training — cycle 74 done (1.9 min) · 3.6h remaining · held-out 6.4
era-5 training — cycle 76 done (1.8 min) · 3.6h remaining · held-out 10.3
era-5 training — cycle 77 done (1.4 min) · 3.6h remaining · held-out 5.4
era-5 training — cycle 79 done (1.4 min) · 3.5h remaining · held-out 2.5
era-5 training — cycle 80 done (2.0 min) · 3.5h remaining · held-out 0
era-5 training — cycle 82 done (1.7 min) · 3.5h remaining · held-out -1
era-5 training — cycle 83 done (1.5 min) · 3.4h remaining · held-out 1.4
era-5 training — cycle 85 done (1.6 min) · 3.4h remaining · held-out 0
era-5 training — cycle 86 done (1.8 min) · 3.4h remaining · held-out 10.7
era-5 training — cycle 88 done (1.9 min) · 3.3h remaining · held-out 5.5
era-5 training — cycle 89 done (1.5 min) · 3.3h remaining · held-out 2.2
era-5 training — cycle 91 done (1.4 min) · 3.3h remaining · held-out 2.1
era-5 training — cycle 92 done (2.0 min) · 3.2h remaining · held-out 8.5
era-5 training — cycle 94 done (4.2 min) · 3.2h remaining · held-out -6
era-5 training — cycle 95 done (5.9 min) · 3.0h remaining · held-out 4.3
era-5 training — cycle 97 done (5.1 min) · 2.9h remaining · held-out 0.4
era-5 training — cycle 98 done (6.7 min) · 2.8h remaining · held-out 3.1
era-5 training — cycle 100 done (7.0 min) · 2.7h remaining · held-out 0
era-5 training — cycle 101 done (6.0 min) · 2.6h remaining · held-out 8.8
era-5 training — cycle 103 done (1.6 min) · 2.5h remaining · held-out 7.2
era-5 training — cycle 104 done (1.8 min) · 2.5h remaining · held-out 5.8
era-5 training — cycle 106 done (2.0 min) · 2.5h remaining · held-out 13.4
era-5 training — cycle 107 done (1.4 min) · 2.4h remaining · held-out 10.7
era-5 training — cycle 109 done (1.6 min) · 2.4h remaining · held-out 7.4
era-5 training — cycle 110 done (2.1 min) · 2.4h remaining · held-out 0
era-5 training — cycle 112 done (1.9 min) · 2.3h remaining · held-out 2
era-5 training — cycle 113 done (1.5 min) · 2.3h remaining · held-out 10.4
era-5 training — cycle 115 done (1.7 min) · 2.3h remaining · held-out 0
era-5 training — cycle 116 done (1.9 min) · 2.2h remaining · held-out 10
era-5 training — cycle 118 done (1.9 min) · 2.2h remaining · held-out 8.8
era-5 training — cycle 119 done (1.5 min) · 2.2h remaining · held-out 2.2
era-5 training — cycle 121 done (1.6 min) · 2.1h remaining · held-out 7.2
era-5 training — cycle 122 done (2.0 min) · 2.1h remaining · held-out 6.2
era-5 training — cycle 124 done (2.0 min) · 2.1h remaining · held-out 3
era-5 training — cycle 125 done (1.9 min) · 2.0h remaining · held-out 0
era-5 training — cycle 127 done (4.4 min) · 1.9h remaining · held-out 0.1
era-5 training — cycle 128 done (6.0 min) · 1.8h remaining · held-out -0.3
era-5 training — cycle 130 done (7.9 min) · 1.7h remaining · held-out 7.5
era-5 training — cycle 131 done (5.3 min) · 1.6h remaining · held-out -6.2
era-5 training — cycle 133 done (5.5 min) · 1.5h remaining · held-out 15.9
era-5 training — cycle 134 done (6.8 min) · 1.3h remaining · held-out 4.7
era-5 training — cycle 136 done (6.7 min) · 1.2h remaining · held-out 5.6
era-5 training — cycle 137 done (5.0 min) · 1.1h remaining · held-out 0.8
era-5 training — cycle 139 done (5.2 min) · 1.0h remaining · held-out 5.6
era-5 training — cycle 140 done (7.8 min) · 0.9h remaining · held-out 2.4
era-5 training — cycle 142 done (5.2 min) · 0.8h remaining · held-out 9.5
era-5 training — cycle 143 done (1.5 min) · 0.8h remaining · held-out 13
era-5 training — cycle 145 done (1.7 min) · 0.7h remaining · held-out 3.3
era-5 training — cycle 146 done (1.8 min) · 0.7h remaining · held-out 3.4
era-5 training — cycle 148 done (1.7 min) · 0.6h remaining · held-out -5.6
era-5 training — cycle 149 done (1.4 min) · 0.6h remaining · held-out -4.1
era-5 training — cycle 151 done (1.5 min) · 0.6h remaining · held-out -5.6
era-5 training — cycle 152 done (1.9 min) · 0.6h remaining · held-out 5.9
era-5 training — cycle 154 done (1.8 min) · 0.5h remaining · held-out 6.4
era-5 training — cycle 155 done (1.6 min) · 0.5h remaining · held-out -3.8
era-5 training — cycle 157 done (1.5 min) · 0.5h remaining · held-out -0.6
era-5 training — cycle 158 done (1.9 min) · 0.4h remaining · held-out 9.3
era-5 training — cycle 160 done (2.2 min) · 0.4h remaining · held-out 0
era-5 training — cycle 161 done (1.6 min) · 0.4h remaining · held-out -6
era-5 training — cycle 163 done (1.5 min) · 0.3h remaining · held-out -5.2
era-5 training — cycle 164 done (1.9 min) · 0.3h remaining · held-out 4
era-5 training — cycle 166 done (2.0 min) · 0.2h remaining · held-out 11.4
era-5 training — cycle 167 done (1.5 min) · 0.2h remaining · held-out 11.2
era-5 training — cycle 169 done (1.5 min) · 0.2h remaining · held-out 11.2
era-5 training — cycle 170 done (2.1 min) · 0.1h remaining · held-out 0.8
era-5 training — cycle 172 done (1.7 min) · 0.1h remaining · held-out -1.4
era-5 training — cycle 173 done (1.3 min) · 0.1h remaining · held-out 4.2
era-5 training — cycle 175 done (1.6 min) · 0.1h remaining · held-out -4
era-5 training — cycle 176 done (1.8 min) · 0.0h remaining · held-out 7.2
era-5 training — cycle 178 done (1.7 min) · -0.0h remaining · held-out 10.9
overnight budget spent — done
